TimeQuest Timing Analyzer report for AfisareMux
Thu Feb 16 09:07:35 2023
Quartus II Version 9.1 Build 350 03/24/2010 Service Pack 2 SJ Web Edition


---------------------
; Table of Contents ;
---------------------
  1. Legal Notice
  2. TimeQuest Timing Analyzer Summary
  3. Parallel Compilation
  4. Clocks
  5. Slow Model Fmax Summary
  6. Slow Model Setup Summary
  7. Slow Model Hold Summary
  8. Slow Model Recovery Summary
  9. Slow Model Removal Summary
 10. Slow Model Minimum Pulse Width Summary
 11. Clock to Output Times
 12. Minimum Clock to Output Times
 13. Propagation Delay
 14. Minimum Propagation Delay
 15. Fast Model Setup Summary
 16. Fast Model Hold Summary
 17. Fast Model Recovery Summary
 18. Fast Model Removal Summary
 19. Fast Model Minimum Pulse Width Summary
 20. Clock to Output Times
 21. Minimum Clock to Output Times
 22. Propagation Delay
 23. Minimum Propagation Delay
 24. Multicorner Timing Analysis Summary
 25. Clock to Output Times
 26. Minimum Clock to Output Times
 27. Progagation Delay
 28. Minimum Progagation Delay
 29. Setup Transfers
 30. Hold Transfers
 31. Report TCCS
 32. Report RSKM
 33. Unconstrained Paths
 34. TimeQuest Timing Analyzer Messages



----------------
; Legal Notice ;
----------------
Copyright (C) 1991-2010 Altera Corporation
Your use of Altera Corporation's design tools, logic functions 
and other software and tools, and its AMPP partner logic 
functions, and any output files from any of the foregoing 
(including device programming or simulation files), and any 
associated documentation or information are expressly subject 
to the terms and conditions of the Altera Program License 
Subscription Agreement, Altera MegaCore Function License 
Agreement, or other applicable license agreement, including, 
without limitation, that your use is for the sole purpose of 
programming logic devices manufactured by Altera and sold by 
Altera or its authorized distributors.  Please refer to the 
applicable agreement for further details.



+-------------------------------------------------------------------------------------+
; TimeQuest Timing Analyzer Summary                                                   ;
+--------------------+----------------------------------------------------------------+
; Quartus II Version ; Version 9.1 Build 350 03/24/2010 Service Pack 2 SJ Web Edition ;
; Revision Name      ; AfisareMux                                                     ;
; Device Family      ; Arria GX                                                       ;
; Device Name        ; EP1AGX20CF484C6                                                ;
; Timing Models      ; Final                                                          ;
; Delay Model        ; Combined                                                       ;
; Rise/Fall Delays   ; Unavailable                                                    ;
+--------------------+----------------------------------------------------------------+


Parallel compilation was disabled, but you have multiple processors available. Enable parallel compilation to reduce compilation time.
+-------------------------------------+
; Parallel Compilation                ;
+----------------------------+--------+
; Processors                 ; Number ;
+----------------------------+--------+
; Number detected on machine ; 6      ;
; Maximum allowed            ; 1      ;
+----------------------------+--------+


+-----------------------------------------------------------------------------------------------------------------------------------------------------------------------------------+
; Clocks                                                                                                                                                                            ;
+------------+------+--------+------------+-------+-------+------------+-----------+-------------+-------+--------+-----------+------------+----------+--------+--------+-----------+
; Clock Name ; Type ; Period ; Frequency  ; Rise  ; Fall  ; Duty Cycle ; Divide by ; Multiply by ; Phase ; Offset ; Edge List ; Edge Shift ; Inverted ; Master ; Source ; Targets   ;
+------------+------+--------+------------+-------+-------+------------+-----------+-------------+-------+--------+-----------+------------+----------+--------+--------+-----------+
; Input      ; Base ; 1.000  ; 1000.0 MHz ; 0.000 ; 0.500 ;            ;           ;             ;       ;        ;           ;            ;          ;        ;        ; { Input } ;
+------------+------+--------+------------+-------+-------+------------+-----------+-------------+-------+--------+-----------+------------+----------+--------+--------+-----------+


+-----------------------------------------------------------------------------------------------------------+
; Slow Model Fmax Summary                                                                                   ;
+------------+-----------------+------------+---------------------------------------------------------------+
; Fmax       ; Restricted Fmax ; Clock Name ; Note                                                          ;
+------------+-----------------+------------+---------------------------------------------------------------+
; 543.48 MHz ; 373.83 MHz      ; Input      ; limit due to minimum period restriction (max I/O toggle rate) ;
+------------+-----------------+------------+---------------------------------------------------------------+
This panel reports FMAX for every clock in the design, regardless of the user-specified clock periods.  FMAX is only computed for paths where the source and destination registers or ports are driven by the same clock.  Paths of different clocks, including generated clocks, are ignored.  For paths between a clock and its inversion, FMAX is computed as if the rising and falling edges are scaled along with FMAX, such that the duty cycle (in terms of a percentage) is maintained. Altera recommends that you always use clock constraints and other slack reports for sign-off analysis.


+--------------------------------+
; Slow Model Setup Summary       ;
+-------+--------+---------------+
; Clock ; Slack  ; End Point TNS ;
+-------+--------+---------------+
; Input ; -0.840 ; -1.650        ;
+-------+--------+---------------+


+-------------------------------+
; Slow Model Hold Summary       ;
+-------+-------+---------------+
; Clock ; Slack ; End Point TNS ;
+-------+-------+---------------+
; Input ; 0.622 ; 0.000         ;
+-------+-------+---------------+


-------------------------------
; Slow Model Recovery Summary ;
-------------------------------
No paths to report.


------------------------------
; Slow Model Removal Summary ;
------------------------------
No paths to report.


+----------------------------------------+
; Slow Model Minimum Pulse Width Summary ;
+-------+--------+-----------------------+
; Clock ; Slack  ; End Point TNS         ;
+-------+--------+-----------------------+
; Input ; -1.675 ; -3.937                ;
+-------+--------+-----------------------+


+-------------------------------------------------------------------------+
; Clock to Output Times                                                   ;
+-----------+------------+--------+--------+------------+-----------------+
; Data Port ; Clock Port ; Rise   ; Fall   ; Clock Edge ; Clock Reference ;
+-----------+------------+--------+--------+------------+-----------------+
; a         ; Input      ; 11.498 ; 11.498 ; Rise       ; Input           ;
; b         ; Input      ; 13.443 ; 13.443 ; Rise       ; Input           ;
; c         ; Input      ; 10.418 ; 10.418 ; Rise       ; Input           ;
; d         ; Input      ; 11.238 ; 11.238 ; Rise       ; Input           ;
; e         ; Input      ; 17.514 ; 17.514 ; Rise       ; Input           ;
; f         ; Input      ; 11.235 ; 11.235 ; Rise       ; Input           ;
; g         ; Input      ; 14.816 ; 14.816 ; Rise       ; Input           ;
; i0        ; Input      ; 8.456  ; 8.456  ; Rise       ; Input           ;
; i1        ; Input      ; 8.637  ; 8.637  ; Rise       ; Input           ;
; i2        ; Input      ; 8.438  ; 8.438  ; Rise       ; Input           ;
; i3        ; Input      ; 8.213  ; 8.213  ; Rise       ; Input           ;
; i4        ; Input      ; 11.497 ; 11.497 ; Rise       ; Input           ;
; i5        ; Input      ; 11.300 ; 11.300 ; Rise       ; Input           ;
+-----------+------------+--------+--------+------------+-----------------+


+-------------------------------------------------------------------------+
; Minimum Clock to Output Times                                           ;
+-----------+------------+--------+--------+------------+-----------------+
; Data Port ; Clock Port ; Rise   ; Fall   ; Clock Edge ; Clock Reference ;
+-----------+------------+--------+--------+------------+-----------------+
; a         ; Input      ; 10.227 ; 10.227 ; Rise       ; Input           ;
; b         ; Input      ; 12.172 ; 12.172 ; Rise       ; Input           ;
; c         ; Input      ; 9.144  ; 9.144  ; Rise       ; Input           ;
; d         ; Input      ; 9.746  ; 9.746  ; Rise       ; Input           ;
; e         ; Input      ; 16.243 ; 16.243 ; Rise       ; Input           ;
; f         ; Input      ; 9.745  ; 9.745  ; Rise       ; Input           ;
; g         ; Input      ; 13.325 ; 13.325 ; Rise       ; Input           ;
; i0        ; Input      ; 8.315  ; 8.315  ; Rise       ; Input           ;
; i1        ; Input      ; 8.058  ; 8.058  ; Rise       ; Input           ;
; i2        ; Input      ; 7.922  ; 7.922  ; Rise       ; Input           ;
; i3        ; Input      ; 7.803  ; 7.803  ; Rise       ; Input           ;
; i4        ; Input      ; 11.030 ; 11.030 ; Rise       ; Input           ;
; i5        ; Input      ; 10.948 ; 10.948 ; Rise       ; Input           ;
+-----------+------------+--------+--------+------------+-----------------+


+--------------------------------------------------------------+
; Propagation Delay                                            ;
+------------+-------------+--------+--------+--------+--------+
; Input Port ; Output Port ; RR     ; RF     ; FR     ; FF     ;
+------------+-------------+--------+--------+--------+--------+
; DS0        ; a           ; 14.775 ; 14.775 ; 14.775 ; 14.775 ;
; DS0        ; b           ; 16.402 ; 16.402 ; 16.402 ; 16.402 ;
; DS0        ; c           ;        ; 13.362 ; 13.362 ;        ;
; DS0        ; d           ; 14.470 ; 14.470 ; 14.470 ; 14.470 ;
; DS0        ; e           ; 20.463 ;        ;        ; 20.463 ;
; DS0        ; f           ; 14.514 ;        ;        ; 14.514 ;
; DS0        ; g           ; 18.046 ;        ;        ; 18.046 ;
; DS1        ; a           ;        ; 14.183 ; 14.183 ;        ;
; DS1        ; b           ; 16.299 ; 16.299 ; 16.299 ; 16.299 ;
; DS1        ; c           ; 13.274 ;        ;        ; 13.274 ;
; DS1        ; d           ; 13.436 ; 13.436 ; 13.436 ; 13.436 ;
; DS1        ; e           ;        ; 20.371 ; 20.371 ;        ;
; DS1        ; f           ; 13.435 ;        ;        ; 13.435 ;
; DS1        ; g           ; 17.015 ; 17.015 ; 17.015 ; 17.015 ;
; DS2        ; a           ; 13.188 ; 13.188 ; 13.188 ; 13.188 ;
; DS2        ; b           ; 15.031 ;        ;        ; 15.031 ;
; DS2        ; c           ;        ; 12.003 ; 12.003 ;        ;
; DS2        ; d           ; 12.928 ; 12.928 ; 12.928 ; 12.928 ;
; DS2        ; e           ; 19.102 ;        ;        ; 19.102 ;
; DS2        ; f           ;        ; 12.925 ; 12.925 ;        ;
; DS2        ; g           ; 16.506 ; 16.506 ; 16.506 ; 16.506 ;
; DS3        ; a           ;        ; 14.510 ; 14.510 ;        ;
; DS3        ; d           ;        ; 14.277 ; 14.277 ;        ;
; DS3        ; f           ;        ; 14.477 ; 14.477 ;        ;
; DS3        ; g           ;        ; 18.058 ; 18.058 ;        ;
; M          ; a           ; 13.920 ; 13.920 ; 13.920 ; 13.920 ;
; M          ; b           ; 15.865 ;        ;        ; 15.865 ;
; M          ; c           ;        ; 12.840 ; 12.840 ;        ;
; M          ; d           ; 13.660 ; 13.660 ; 13.660 ; 13.660 ;
; M          ; e           ; 19.936 ;        ;        ; 19.936 ;
; M          ; f           ;        ; 13.657 ; 13.657 ;        ;
; M          ; g           ; 17.238 ; 17.238 ; 17.238 ; 17.238 ;
; M0         ; a           ; 14.926 ; 14.926 ; 14.926 ; 14.926 ;
; M0         ; b           ; 17.183 ; 17.183 ; 17.183 ; 17.183 ;
; M0         ; c           ;        ; 14.157 ; 14.157 ;        ;
; M0         ; d           ; 14.621 ; 14.621 ; 14.621 ; 14.621 ;
; M0         ; e           ; 21.255 ;        ;        ; 21.255 ;
; M0         ; f           ; 14.665 ;        ;        ; 14.665 ;
; M0         ; g           ; 18.197 ;        ;        ; 18.197 ;
; M1         ; a           ;        ; 14.060 ; 14.060 ;        ;
; M1         ; b           ; 16.294 ; 16.294 ; 16.294 ; 16.294 ;
; M1         ; c           ; 13.269 ;        ;        ; 13.269 ;
; M1         ; d           ; 13.313 ; 13.313 ; 13.313 ; 13.313 ;
; M1         ; e           ;        ; 20.366 ; 20.366 ;        ;
; M1         ; f           ; 13.312 ;        ;        ; 13.312 ;
; M1         ; g           ; 16.892 ; 16.892 ; 16.892 ; 16.892 ;
; M3         ; a           ;        ; 14.881 ; 14.881 ;        ;
; M3         ; d           ;        ; 14.648 ; 14.648 ;        ;
; M3         ; f           ;        ; 14.848 ; 14.848 ;        ;
; M3         ; g           ;        ; 18.429 ; 18.429 ;        ;
; S0         ; a           ; 14.892 ; 14.892 ; 14.892 ; 14.892 ;
; S0         ; b           ; 17.149 ; 17.149 ; 17.149 ; 17.149 ;
; S0         ; c           ;        ; 14.123 ; 14.123 ;        ;
; S0         ; d           ; 14.587 ; 14.587 ; 14.587 ; 14.587 ;
; S0         ; e           ; 21.221 ;        ;        ; 21.221 ;
; S0         ; f           ; 14.631 ;        ;        ; 14.631 ;
; S0         ; g           ; 18.163 ;        ;        ; 18.163 ;
; S1         ; a           ;        ; 14.193 ; 14.193 ;        ;
; S1         ; b           ; 16.427 ; 16.427 ; 16.427 ; 16.427 ;
; S1         ; c           ; 13.402 ;        ;        ; 13.402 ;
; S1         ; d           ; 13.446 ; 13.446 ; 13.446 ; 13.446 ;
; S1         ; e           ;        ; 20.499 ; 20.499 ;        ;
; S1         ; f           ; 13.445 ;        ;        ; 13.445 ;
; S1         ; g           ; 17.025 ; 17.025 ; 17.025 ; 17.025 ;
; S3         ; a           ;        ; 12.322 ; 12.322 ;        ;
; S3         ; d           ;        ; 12.089 ; 12.089 ;        ;
; S3         ; f           ;        ; 12.289 ; 12.289 ;        ;
; S3         ; g           ;        ; 15.870 ; 15.870 ;        ;
; SEC2       ; a           ; 13.337 ; 13.337 ; 13.337 ; 13.337 ;
; SEC2       ; b           ; 15.282 ;        ;        ; 15.282 ;
; SEC2       ; c           ;        ; 12.257 ; 12.257 ;        ;
; SEC2       ; d           ; 13.077 ; 13.077 ; 13.077 ; 13.077 ;
; SEC2       ; e           ; 19.353 ;        ;        ; 19.353 ;
; SEC2       ; f           ;        ; 13.074 ; 13.074 ;        ;
; SEC2       ; g           ; 16.655 ; 16.655 ; 16.655 ; 16.655 ;
; ZM         ; a           ; 14.321 ; 14.321 ; 14.321 ; 14.321 ;
; ZM         ; b           ; 16.266 ;        ;        ; 16.266 ;
; ZM         ; c           ;        ; 13.241 ; 13.241 ;        ;
; ZM         ; d           ; 14.061 ; 14.061 ; 14.061 ; 14.061 ;
; ZM         ; e           ; 20.337 ;        ;        ; 20.337 ;
; ZM         ; f           ;        ; 14.058 ; 14.058 ;        ;
; ZM         ; g           ; 17.639 ; 17.639 ; 17.639 ; 17.639 ;
; ZM0        ; a           ; 14.856 ; 14.856 ; 14.856 ; 14.856 ;
; ZM0        ; b           ; 17.113 ; 17.113 ; 17.113 ; 17.113 ;
; ZM0        ; c           ;        ; 14.087 ; 14.087 ;        ;
; ZM0        ; d           ; 14.551 ; 14.551 ; 14.551 ; 14.551 ;
; ZM0        ; e           ; 21.185 ;        ;        ; 21.185 ;
; ZM0        ; f           ; 14.595 ;        ;        ; 14.595 ;
; ZM0        ; g           ; 18.127 ;        ;        ; 18.127 ;
; ZM1        ; a           ;        ; 14.034 ; 14.034 ;        ;
; ZM1        ; b           ; 16.268 ; 16.268 ; 16.268 ; 16.268 ;
; ZM1        ; c           ; 13.243 ;        ;        ; 13.243 ;
; ZM1        ; d           ; 13.287 ; 13.287 ; 13.287 ; 13.287 ;
; ZM1        ; e           ;        ; 20.340 ; 20.340 ;        ;
; ZM1        ; f           ; 13.286 ;        ;        ; 13.286 ;
; ZM1        ; g           ; 16.866 ; 16.866 ; 16.866 ; 16.866 ;
; ZM3        ; a           ;        ; 13.947 ; 13.947 ;        ;
; ZM3        ; d           ;        ; 13.714 ; 13.714 ;        ;
; ZM3        ; f           ;        ; 13.914 ; 13.914 ;        ;
; ZM3        ; g           ;        ; 17.495 ; 17.495 ;        ;
; ZS0        ; a           ; 14.880 ; 14.880 ; 14.880 ; 14.880 ;
; ZS0        ; b           ; 16.507 ; 16.507 ; 16.507 ; 16.507 ;
; ZS0        ; c           ;        ; 13.467 ; 13.467 ;        ;
; ZS0        ; d           ; 14.575 ; 14.575 ; 14.575 ; 14.575 ;
; ZS0        ; e           ; 20.568 ;        ;        ; 20.568 ;
; ZS0        ; f           ; 14.619 ;        ;        ; 14.619 ;
; ZS0        ; g           ; 18.151 ;        ;        ; 18.151 ;
; ZS1        ; a           ;        ; 14.431 ; 14.431 ;        ;
; ZS1        ; b           ; 16.547 ; 16.547 ; 16.547 ; 16.547 ;
; ZS1        ; c           ; 13.522 ;        ;        ; 13.522 ;
; ZS1        ; d           ; 13.684 ; 13.684 ; 13.684 ; 13.684 ;
; ZS1        ; e           ;        ; 20.619 ; 20.619 ;        ;
; ZS1        ; f           ; 13.683 ;        ;        ; 13.683 ;
; ZS1        ; g           ; 17.263 ; 17.263 ; 17.263 ; 17.263 ;
; ZS3        ; a           ;        ; 14.567 ; 14.567 ;        ;
; ZS3        ; d           ;        ; 14.334 ; 14.334 ;        ;
; ZS3        ; f           ;        ; 14.534 ; 14.534 ;        ;
; ZS3        ; g           ;        ; 18.115 ; 18.115 ;        ;
; ZSEC2      ; a           ; 14.427 ; 14.427 ; 14.427 ; 14.427 ;
; ZSEC2      ; b           ; 16.270 ;        ;        ; 16.270 ;
; ZSEC2      ; c           ;        ; 13.242 ; 13.242 ;        ;
; ZSEC2      ; d           ; 14.167 ; 14.167 ; 14.167 ; 14.167 ;
; ZSEC2      ; e           ; 20.341 ;        ;        ; 20.341 ;
; ZSEC2      ; f           ;        ; 14.164 ; 14.164 ;        ;
; ZSEC2      ; g           ; 17.745 ; 17.745 ; 17.745 ; 17.745 ;
+------------+-------------+--------+--------+--------+--------+


+--------------------------------------------------------------+
; Minimum Propagation Delay                                    ;
+------------+-------------+--------+--------+--------+--------+
; Input Port ; Output Port ; RR     ; RF     ; FR     ; FF     ;
+------------+-------------+--------+--------+--------+--------+
; DS0        ; a           ; 14.775 ; 14.775 ; 14.775 ; 14.775 ;
; DS0        ; b           ; 16.402 ; 16.402 ; 16.402 ; 16.402 ;
; DS0        ; c           ;        ; 13.362 ; 13.362 ;        ;
; DS0        ; d           ; 14.470 ; 14.470 ; 14.470 ; 14.470 ;
; DS0        ; e           ; 20.463 ;        ;        ; 20.463 ;
; DS0        ; f           ; 14.514 ;        ;        ; 14.514 ;
; DS0        ; g           ; 18.046 ;        ;        ; 18.046 ;
; DS1        ; a           ;        ; 14.183 ; 14.183 ;        ;
; DS1        ; b           ; 16.299 ; 16.299 ; 16.299 ; 16.299 ;
; DS1        ; c           ; 13.274 ;        ;        ; 13.274 ;
; DS1        ; d           ; 13.436 ; 13.436 ; 13.436 ; 13.436 ;
; DS1        ; e           ;        ; 20.371 ; 20.371 ;        ;
; DS1        ; f           ; 13.435 ;        ;        ; 13.435 ;
; DS1        ; g           ; 17.015 ; 17.015 ; 17.015 ; 17.015 ;
; DS2        ; a           ; 13.188 ; 13.188 ; 13.188 ; 13.188 ;
; DS2        ; b           ; 15.031 ;        ;        ; 15.031 ;
; DS2        ; c           ;        ; 12.003 ; 12.003 ;        ;
; DS2        ; d           ; 12.928 ; 12.928 ; 12.928 ; 12.928 ;
; DS2        ; e           ; 19.102 ;        ;        ; 19.102 ;
; DS2        ; f           ;        ; 12.925 ; 12.925 ;        ;
; DS2        ; g           ; 16.506 ; 16.506 ; 16.506 ; 16.506 ;
; DS3        ; a           ;        ; 14.510 ; 14.510 ;        ;
; DS3        ; d           ;        ; 14.277 ; 14.277 ;        ;
; DS3        ; f           ;        ; 14.477 ; 14.477 ;        ;
; DS3        ; g           ;        ; 18.058 ; 18.058 ;        ;
; M          ; a           ; 13.920 ; 13.920 ; 13.920 ; 13.920 ;
; M          ; b           ; 15.865 ;        ;        ; 15.865 ;
; M          ; c           ;        ; 12.840 ; 12.840 ;        ;
; M          ; d           ; 13.660 ; 13.660 ; 13.660 ; 13.660 ;
; M          ; e           ; 19.936 ;        ;        ; 19.936 ;
; M          ; f           ;        ; 13.657 ; 13.657 ;        ;
; M          ; g           ; 17.238 ; 17.238 ; 17.238 ; 17.238 ;
; M0         ; a           ; 14.926 ; 14.926 ; 14.926 ; 14.926 ;
; M0         ; b           ; 17.183 ; 17.183 ; 17.183 ; 17.183 ;
; M0         ; c           ;        ; 14.157 ; 14.157 ;        ;
; M0         ; d           ; 14.621 ; 14.621 ; 14.621 ; 14.621 ;
; M0         ; e           ; 21.255 ;        ;        ; 21.255 ;
; M0         ; f           ; 14.665 ;        ;        ; 14.665 ;
; M0         ; g           ; 18.197 ;        ;        ; 18.197 ;
; M1         ; a           ;        ; 14.060 ; 14.060 ;        ;
; M1         ; b           ; 16.294 ; 16.294 ; 16.294 ; 16.294 ;
; M1         ; c           ; 13.269 ;        ;        ; 13.269 ;
; M1         ; d           ; 13.313 ; 13.313 ; 13.313 ; 13.313 ;
; M1         ; e           ;        ; 20.366 ; 20.366 ;        ;
; M1         ; f           ; 13.312 ;        ;        ; 13.312 ;
; M1         ; g           ; 16.892 ; 16.892 ; 16.892 ; 16.892 ;
; M3         ; a           ;        ; 14.881 ; 14.881 ;        ;
; M3         ; d           ;        ; 14.648 ; 14.648 ;        ;
; M3         ; f           ;        ; 14.848 ; 14.848 ;        ;
; M3         ; g           ;        ; 18.429 ; 18.429 ;        ;
; S0         ; a           ; 14.892 ; 14.892 ; 14.892 ; 14.892 ;
; S0         ; b           ; 17.149 ; 17.149 ; 17.149 ; 17.149 ;
; S0         ; c           ;        ; 14.123 ; 14.123 ;        ;
; S0         ; d           ; 14.587 ; 14.587 ; 14.587 ; 14.587 ;
; S0         ; e           ; 21.221 ;        ;        ; 21.221 ;
; S0         ; f           ; 14.631 ;        ;        ; 14.631 ;
; S0         ; g           ; 18.163 ;        ;        ; 18.163 ;
; S1         ; a           ;        ; 14.193 ; 14.193 ;        ;
; S1         ; b           ; 16.427 ; 16.427 ; 16.427 ; 16.427 ;
; S1         ; c           ; 13.402 ;        ;        ; 13.402 ;
; S1         ; d           ; 13.446 ; 13.446 ; 13.446 ; 13.446 ;
; S1         ; e           ;        ; 20.499 ; 20.499 ;        ;
; S1         ; f           ; 13.445 ;        ;        ; 13.445 ;
; S1         ; g           ; 17.025 ; 17.025 ; 17.025 ; 17.025 ;
; S3         ; a           ;        ; 12.322 ; 12.322 ;        ;
; S3         ; d           ;        ; 12.089 ; 12.089 ;        ;
; S3         ; f           ;        ; 12.289 ; 12.289 ;        ;
; S3         ; g           ;        ; 15.870 ; 15.870 ;        ;
; SEC2       ; a           ; 13.337 ; 13.337 ; 13.337 ; 13.337 ;
; SEC2       ; b           ; 15.282 ;        ;        ; 15.282 ;
; SEC2       ; c           ;        ; 12.257 ; 12.257 ;        ;
; SEC2       ; d           ; 13.077 ; 13.077 ; 13.077 ; 13.077 ;
; SEC2       ; e           ; 19.353 ;        ;        ; 19.353 ;
; SEC2       ; f           ;        ; 13.074 ; 13.074 ;        ;
; SEC2       ; g           ; 16.655 ; 16.655 ; 16.655 ; 16.655 ;
; ZM         ; a           ; 14.321 ; 14.321 ; 14.321 ; 14.321 ;
; ZM         ; b           ; 16.266 ;        ;        ; 16.266 ;
; ZM         ; c           ;        ; 13.241 ; 13.241 ;        ;
; ZM         ; d           ; 14.061 ; 14.061 ; 14.061 ; 14.061 ;
; ZM         ; e           ; 20.337 ;        ;        ; 20.337 ;
; ZM         ; f           ;        ; 14.058 ; 14.058 ;        ;
; ZM         ; g           ; 17.639 ; 17.639 ; 17.639 ; 17.639 ;
; ZM0        ; a           ; 14.856 ; 14.856 ; 14.856 ; 14.856 ;
; ZM0        ; b           ; 17.113 ; 17.113 ; 17.113 ; 17.113 ;
; ZM0        ; c           ;        ; 14.087 ; 14.087 ;        ;
; ZM0        ; d           ; 14.551 ; 14.551 ; 14.551 ; 14.551 ;
; ZM0        ; e           ; 21.185 ;        ;        ; 21.185 ;
; ZM0        ; f           ; 14.595 ;        ;        ; 14.595 ;
; ZM0        ; g           ; 18.127 ;        ;        ; 18.127 ;
; ZM1        ; a           ;        ; 14.034 ; 14.034 ;        ;
; ZM1        ; b           ; 16.268 ; 16.268 ; 16.268 ; 16.268 ;
; ZM1        ; c           ; 13.243 ;        ;        ; 13.243 ;
; ZM1        ; d           ; 13.287 ; 13.287 ; 13.287 ; 13.287 ;
; ZM1        ; e           ;        ; 20.340 ; 20.340 ;        ;
; ZM1        ; f           ; 13.286 ;        ;        ; 13.286 ;
; ZM1        ; g           ; 16.866 ; 16.866 ; 16.866 ; 16.866 ;
; ZM3        ; a           ;        ; 13.947 ; 13.947 ;        ;
; ZM3        ; d           ;        ; 13.714 ; 13.714 ;        ;
; ZM3        ; f           ;        ; 13.914 ; 13.914 ;        ;
; ZM3        ; g           ;        ; 17.495 ; 17.495 ;        ;
; ZS0        ; a           ; 14.880 ; 14.880 ; 14.880 ; 14.880 ;
; ZS0        ; b           ; 16.507 ; 16.507 ; 16.507 ; 16.507 ;
; ZS0        ; c           ;        ; 13.467 ; 13.467 ;        ;
; ZS0        ; d           ; 14.575 ; 14.575 ; 14.575 ; 14.575 ;
; ZS0        ; e           ; 20.568 ;        ;        ; 20.568 ;
; ZS0        ; f           ; 14.619 ;        ;        ; 14.619 ;
; ZS0        ; g           ; 18.151 ;        ;        ; 18.151 ;
; ZS1        ; a           ;        ; 14.431 ; 14.431 ;        ;
; ZS1        ; b           ; 16.547 ; 16.547 ; 16.547 ; 16.547 ;
; ZS1        ; c           ; 13.522 ;        ;        ; 13.522 ;
; ZS1        ; d           ; 13.684 ; 13.684 ; 13.684 ; 13.684 ;
; ZS1        ; e           ;        ; 20.619 ; 20.619 ;        ;
; ZS1        ; f           ; 13.683 ;        ;        ; 13.683 ;
; ZS1        ; g           ; 17.263 ; 17.263 ; 17.263 ; 17.263 ;
; ZS3        ; a           ;        ; 14.567 ; 14.567 ;        ;
; ZS3        ; d           ;        ; 14.334 ; 14.334 ;        ;
; ZS3        ; f           ;        ; 14.534 ; 14.534 ;        ;
; ZS3        ; g           ;        ; 18.115 ; 18.115 ;        ;
; ZSEC2      ; a           ; 14.427 ; 14.427 ; 14.427 ; 14.427 ;
; ZSEC2      ; b           ; 16.270 ;        ;        ; 16.270 ;
; ZSEC2      ; c           ;        ; 13.242 ; 13.242 ;        ;
; ZSEC2      ; d           ; 14.167 ; 14.167 ; 14.167 ; 14.167 ;
; ZSEC2      ; e           ; 20.341 ;        ;        ; 20.341 ;
; ZSEC2      ; f           ;        ; 14.164 ; 14.164 ;        ;
; ZSEC2      ; g           ; 17.745 ; 17.745 ; 17.745 ; 17.745 ;
+------------+-------------+--------+--------+--------+--------+


+-------------------------------+
; Fast Model Setup Summary      ;
+-------+-------+---------------+
; Clock ; Slack ; End Point TNS ;
+-------+-------+---------------+
; Input ; 0.291 ; 0.000         ;
+-------+-------+---------------+


+-------------------------------+
; Fast Model Hold Summary       ;
+-------+-------+---------------+
; Clock ; Slack ; End Point TNS ;
+-------+-------+---------------+
; Input ; 0.264 ; 0.000         ;
+-------+-------+---------------+


-------------------------------
; Fast Model Recovery Summary ;
-------------------------------
No paths to report.


------------------------------
; Fast Model Removal Summary ;
------------------------------
No paths to report.


+----------------------------------------+
; Fast Model Minimum Pulse Width Summary ;
+-------+--------+-----------------------+
; Clock ; Slack  ; End Point TNS         ;
+-------+--------+-----------------------+
; Input ; -1.000 ; -1.780                ;
+-------+--------+-----------------------+


+-----------------------------------------------------------------------+
; Clock to Output Times                                                 ;
+-----------+------------+-------+-------+------------+-----------------+
; Data Port ; Clock Port ; Rise  ; Fall  ; Clock Edge ; Clock Reference ;
+-----------+------------+-------+-------+------------+-----------------+
; a         ; Input      ; 4.669 ; 4.669 ; Rise       ; Input           ;
; b         ; Input      ; 5.812 ; 5.812 ; Rise       ; Input           ;
; c         ; Input      ; 4.298 ; 4.298 ; Rise       ; Input           ;
; d         ; Input      ; 4.581 ; 4.581 ; Rise       ; Input           ;
; e         ; Input      ; 6.825 ; 6.825 ; Rise       ; Input           ;
; f         ; Input      ; 4.579 ; 4.579 ; Rise       ; Input           ;
; g         ; Input      ; 5.841 ; 5.841 ; Rise       ; Input           ;
; i0        ; Input      ; 3.592 ; 3.592 ; Rise       ; Input           ;
; i1        ; Input      ; 3.644 ; 3.644 ; Rise       ; Input           ;
; i2        ; Input      ; 3.590 ; 3.590 ; Rise       ; Input           ;
; i3        ; Input      ; 3.501 ; 3.501 ; Rise       ; Input           ;
; i4        ; Input      ; 4.800 ; 4.800 ; Rise       ; Input           ;
; i5        ; Input      ; 4.586 ; 4.586 ; Rise       ; Input           ;
+-----------+------------+-------+-------+------------+-----------------+


+-----------------------------------------------------------------------+
; Minimum Clock to Output Times                                         ;
+-----------+------------+-------+-------+------------+-----------------+
; Data Port ; Clock Port ; Rise  ; Fall  ; Clock Edge ; Clock Reference ;
+-----------+------------+-------+-------+------------+-----------------+
; a         ; Input      ; 4.235 ; 4.235 ; Rise       ; Input           ;
; b         ; Input      ; 5.380 ; 5.380 ; Rise       ; Input           ;
; c         ; Input      ; 3.859 ; 3.859 ; Rise       ; Input           ;
; d         ; Input      ; 4.061 ; 4.061 ; Rise       ; Input           ;
; e         ; Input      ; 6.394 ; 6.394 ; Rise       ; Input           ;
; f         ; Input      ; 4.059 ; 4.059 ; Rise       ; Input           ;
; g         ; Input      ; 5.321 ; 5.321 ; Rise       ; Input           ;
; i0        ; Input      ; 3.564 ; 3.564 ; Rise       ; Input           ;
; i1        ; Input      ; 3.444 ; 3.444 ; Rise       ; Input           ;
; i2        ; Input      ; 3.431 ; 3.431 ; Rise       ; Input           ;
; i3        ; Input      ; 3.365 ; 3.365 ; Rise       ; Input           ;
; i4        ; Input      ; 4.645 ; 4.645 ; Rise       ; Input           ;
; i5        ; Input      ; 4.478 ; 4.478 ; Rise       ; Input           ;
+-----------+------------+-------+-------+------------+-----------------+


+----------------------------------------------------------+
; Propagation Delay                                        ;
+------------+-------------+-------+-------+-------+-------+
; Input Port ; Output Port ; RR    ; RF    ; FR    ; FF    ;
+------------+-------------+-------+-------+-------+-------+
; DS0        ; a           ; 6.088 ; 6.088 ; 6.088 ; 6.088 ;
; DS0        ; b           ; 7.138 ; 7.138 ; 7.138 ; 7.138 ;
; DS0        ; c           ;       ; 5.607 ; 5.607 ;       ;
; DS0        ; d           ; 5.997 ; 5.997 ; 5.997 ; 5.997 ;
; DS0        ; e           ; 8.144 ;       ;       ; 8.144 ;
; DS0        ; f           ; 5.999 ;       ;       ; 5.999 ;
; DS0        ; g           ; 7.256 ;       ;       ; 7.256 ;
; DS1        ; a           ;       ; 5.926 ; 5.926 ;       ;
; DS1        ; b           ; 7.131 ; 7.131 ; 7.131 ; 7.131 ;
; DS1        ; c           ; 5.611 ;       ;       ; 5.611 ;
; DS1        ; d           ; 5.674 ; 5.674 ; 5.674 ; 5.674 ;
; DS1        ; e           ;       ; 8.145 ; 8.145 ;       ;
; DS1        ; f           ; 5.672 ;       ;       ; 5.672 ;
; DS1        ; g           ; 6.934 ; 6.934 ; 6.934 ; 6.934 ;
; DS2        ; a           ; 5.383 ; 5.383 ; 5.383 ; 5.383 ;
; DS2        ; b           ; 6.501 ;       ;       ; 6.501 ;
; DS2        ; c           ;       ; 4.980 ; 4.980 ;       ;
; DS2        ; d           ; 5.295 ; 5.295 ; 5.295 ; 5.295 ;
; DS2        ; e           ; 7.515 ;       ;       ; 7.515 ;
; DS2        ; f           ;       ; 5.293 ; 5.293 ;       ;
; DS2        ; g           ; 6.555 ; 6.555 ; 6.555 ; 6.555 ;
; DS3        ; a           ;       ; 6.001 ; 6.001 ;       ;
; DS3        ; d           ;       ; 5.903 ; 5.903 ;       ;
; DS3        ; f           ;       ; 5.978 ; 5.978 ;       ;
; DS3        ; g           ;       ; 7.240 ; 7.240 ;       ;
; M          ; a           ; 5.853 ; 5.853 ; 5.853 ; 5.853 ;
; M          ; b           ; 6.996 ;       ;       ; 6.996 ;
; M          ; c           ;       ; 5.482 ; 5.482 ;       ;
; M          ; d           ; 5.765 ; 5.765 ; 5.765 ; 5.765 ;
; M          ; e           ; 8.009 ;       ;       ; 8.009 ;
; M          ; f           ;       ; 5.763 ; 5.763 ;       ;
; M          ; g           ; 7.025 ; 7.025 ; 7.025 ; 7.025 ;
; M0         ; a           ; 6.228 ; 6.228 ; 6.228 ; 6.228 ;
; M0         ; b           ; 7.472 ; 7.472 ; 7.472 ; 7.472 ;
; M0         ; c           ;       ; 5.951 ; 5.951 ;       ;
; M0         ; d           ; 6.137 ; 6.137 ; 6.137 ; 6.137 ;
; M0         ; e           ; 8.486 ;       ;       ; 8.486 ;
; M0         ; f           ; 6.139 ;       ;       ; 6.139 ;
; M0         ; g           ; 7.396 ;       ;       ; 7.396 ;
; M1         ; a           ;       ; 5.836 ; 5.836 ;       ;
; M1         ; b           ; 7.089 ; 7.089 ; 7.089 ; 7.089 ;
; M1         ; c           ; 5.563 ;       ;       ; 5.563 ;
; M1         ; d           ; 5.584 ; 5.584 ; 5.584 ; 5.584 ;
; M1         ; e           ;       ; 8.103 ; 8.103 ;       ;
; M1         ; f           ; 5.582 ;       ;       ; 5.582 ;
; M1         ; g           ; 6.844 ; 6.844 ; 6.844 ; 6.844 ;
; M3         ; a           ;       ; 6.133 ; 6.133 ;       ;
; M3         ; d           ;       ; 6.035 ; 6.035 ;       ;
; M3         ; f           ;       ; 6.110 ; 6.110 ;       ;
; M3         ; g           ;       ; 7.372 ; 7.372 ;       ;
; S0         ; a           ; 6.143 ; 6.143 ; 6.143 ; 6.143 ;
; S0         ; b           ; 7.387 ; 7.387 ; 7.387 ; 7.387 ;
; S0         ; c           ;       ; 5.866 ; 5.866 ;       ;
; S0         ; d           ; 6.052 ; 6.052 ; 6.052 ; 6.052 ;
; S0         ; e           ; 8.401 ;       ;       ; 8.401 ;
; S0         ; f           ; 6.054 ;       ;       ; 6.054 ;
; S0         ; g           ; 7.311 ;       ;       ; 7.311 ;
; S1         ; a           ;       ; 5.887 ; 5.887 ;       ;
; S1         ; b           ; 7.140 ; 7.140 ; 7.140 ; 7.140 ;
; S1         ; c           ; 5.614 ;       ;       ; 5.614 ;
; S1         ; d           ; 5.635 ; 5.635 ; 5.635 ; 5.635 ;
; S1         ; e           ;       ; 8.154 ; 8.154 ;       ;
; S1         ; f           ; 5.633 ;       ;       ; 5.633 ;
; S1         ; g           ; 6.895 ; 6.895 ; 6.895 ; 6.895 ;
; S3         ; a           ;       ; 5.251 ; 5.251 ;       ;
; S3         ; d           ;       ; 5.153 ; 5.153 ;       ;
; S3         ; f           ;       ; 5.228 ; 5.228 ;       ;
; S3         ; g           ;       ; 6.490 ; 6.490 ;       ;
; SEC2       ; a           ; 5.430 ; 5.430 ; 5.430 ; 5.430 ;
; SEC2       ; b           ; 6.573 ;       ;       ; 6.573 ;
; SEC2       ; c           ;       ; 5.059 ; 5.059 ;       ;
; SEC2       ; d           ; 5.342 ; 5.342 ; 5.342 ; 5.342 ;
; SEC2       ; e           ; 7.586 ;       ;       ; 7.586 ;
; SEC2       ; f           ;       ; 5.340 ; 5.340 ;       ;
; SEC2       ; g           ; 6.602 ; 6.602 ; 6.602 ; 6.602 ;
; ZM         ; a           ; 5.993 ; 5.993 ; 5.993 ; 5.993 ;
; ZM         ; b           ; 7.136 ;       ;       ; 7.136 ;
; ZM         ; c           ;       ; 5.622 ; 5.622 ;       ;
; ZM         ; d           ; 5.905 ; 5.905 ; 5.905 ; 5.905 ;
; ZM         ; e           ; 8.149 ;       ;       ; 8.149 ;
; ZM         ; f           ;       ; 5.903 ; 5.903 ;       ;
; ZM         ; g           ; 7.165 ; 7.165 ; 7.165 ; 7.165 ;
; ZM0        ; a           ; 6.287 ; 6.287 ; 6.287 ; 6.287 ;
; ZM0        ; b           ; 7.531 ; 7.531 ; 7.531 ; 7.531 ;
; ZM0        ; c           ;       ; 6.010 ; 6.010 ;       ;
; ZM0        ; d           ; 6.196 ; 6.196 ; 6.196 ; 6.196 ;
; ZM0        ; e           ; 8.545 ;       ;       ; 8.545 ;
; ZM0        ; f           ; 6.198 ;       ;       ; 6.198 ;
; ZM0        ; g           ; 7.455 ;       ;       ; 7.455 ;
; ZM1        ; a           ;       ; 5.801 ; 5.801 ;       ;
; ZM1        ; b           ; 7.054 ; 7.054 ; 7.054 ; 7.054 ;
; ZM1        ; c           ; 5.528 ;       ;       ; 5.528 ;
; ZM1        ; d           ; 5.549 ; 5.549 ; 5.549 ; 5.549 ;
; ZM1        ; e           ;       ; 8.068 ; 8.068 ;       ;
; ZM1        ; f           ; 5.547 ;       ;       ; 5.547 ;
; ZM1        ; g           ; 6.809 ; 6.809 ; 6.809 ; 6.809 ;
; ZM3        ; a           ;       ; 5.812 ; 5.812 ;       ;
; ZM3        ; d           ;       ; 5.714 ; 5.714 ;       ;
; ZM3        ; f           ;       ; 5.789 ; 5.789 ;       ;
; ZM3        ; g           ;       ; 7.051 ; 7.051 ;       ;
; ZS0        ; a           ; 6.186 ; 6.186 ; 6.186 ; 6.186 ;
; ZS0        ; b           ; 7.236 ; 7.236 ; 7.236 ; 7.236 ;
; ZS0        ; c           ;       ; 5.705 ; 5.705 ;       ;
; ZS0        ; d           ; 6.095 ; 6.095 ; 6.095 ; 6.095 ;
; ZS0        ; e           ; 8.242 ;       ;       ; 8.242 ;
; ZS0        ; f           ; 6.097 ;       ;       ; 6.097 ;
; ZS0        ; g           ; 7.354 ;       ;       ; 7.354 ;
; ZS1        ; a           ;       ; 5.960 ; 5.960 ;       ;
; ZS1        ; b           ; 7.165 ; 7.165 ; 7.165 ; 7.165 ;
; ZS1        ; c           ; 5.645 ;       ;       ; 5.645 ;
; ZS1        ; d           ; 5.708 ; 5.708 ; 5.708 ; 5.708 ;
; ZS1        ; e           ;       ; 8.179 ; 8.179 ;       ;
; ZS1        ; f           ; 5.706 ;       ;       ; 5.706 ;
; ZS1        ; g           ; 6.968 ; 6.968 ; 6.968 ; 6.968 ;
; ZS3        ; a           ;       ; 6.027 ; 6.027 ;       ;
; ZS3        ; d           ;       ; 5.929 ; 5.929 ;       ;
; ZS3        ; f           ;       ; 6.004 ; 6.004 ;       ;
; ZS3        ; g           ;       ; 7.266 ; 7.266 ;       ;
; ZSEC2      ; a           ; 5.945 ; 5.945 ; 5.945 ; 5.945 ;
; ZSEC2      ; b           ; 7.063 ;       ;       ; 7.063 ;
; ZSEC2      ; c           ;       ; 5.542 ; 5.542 ;       ;
; ZSEC2      ; d           ; 5.857 ; 5.857 ; 5.857 ; 5.857 ;
; ZSEC2      ; e           ; 8.077 ;       ;       ; 8.077 ;
; ZSEC2      ; f           ;       ; 5.855 ; 5.855 ;       ;
; ZSEC2      ; g           ; 7.117 ; 7.117 ; 7.117 ; 7.117 ;
+------------+-------------+-------+-------+-------+-------+


+----------------------------------------------------------+
; Minimum Propagation Delay                                ;
+------------+-------------+-------+-------+-------+-------+
; Input Port ; Output Port ; RR    ; RF    ; FR    ; FF    ;
+------------+-------------+-------+-------+-------+-------+
; DS0        ; a           ; 6.088 ; 6.088 ; 6.088 ; 6.088 ;
; DS0        ; b           ; 7.138 ; 7.138 ; 7.138 ; 7.138 ;
; DS0        ; c           ;       ; 5.607 ; 5.607 ;       ;
; DS0        ; d           ; 5.997 ; 5.997 ; 5.997 ; 5.997 ;
; DS0        ; e           ; 8.144 ;       ;       ; 8.144 ;
; DS0        ; f           ; 5.999 ;       ;       ; 5.999 ;
; DS0        ; g           ; 7.256 ;       ;       ; 7.256 ;
; DS1        ; a           ;       ; 5.926 ; 5.926 ;       ;
; DS1        ; b           ; 7.131 ; 7.131 ; 7.131 ; 7.131 ;
; DS1        ; c           ; 5.611 ;       ;       ; 5.611 ;
; DS1        ; d           ; 5.674 ; 5.674 ; 5.674 ; 5.674 ;
; DS1        ; e           ;       ; 8.145 ; 8.145 ;       ;
; DS1        ; f           ; 5.672 ;       ;       ; 5.672 ;
; DS1        ; g           ; 6.934 ; 6.934 ; 6.934 ; 6.934 ;
; DS2        ; a           ; 5.383 ; 5.383 ; 5.383 ; 5.383 ;
; DS2        ; b           ; 6.501 ;       ;       ; 6.501 ;
; DS2        ; c           ;       ; 4.980 ; 4.980 ;       ;
; DS2        ; d           ; 5.295 ; 5.295 ; 5.295 ; 5.295 ;
; DS2        ; e           ; 7.515 ;       ;       ; 7.515 ;
; DS2        ; f           ;       ; 5.293 ; 5.293 ;       ;
; DS2        ; g           ; 6.555 ; 6.555 ; 6.555 ; 6.555 ;
; DS3        ; a           ;       ; 6.001 ; 6.001 ;       ;
; DS3        ; d           ;       ; 5.903 ; 5.903 ;       ;
; DS3        ; f           ;       ; 5.978 ; 5.978 ;       ;
; DS3        ; g           ;       ; 7.240 ; 7.240 ;       ;
; M          ; a           ; 5.853 ; 5.853 ; 5.853 ; 5.853 ;
; M          ; b           ; 6.996 ;       ;       ; 6.996 ;
; M          ; c           ;       ; 5.482 ; 5.482 ;       ;
; M          ; d           ; 5.765 ; 5.765 ; 5.765 ; 5.765 ;
; M          ; e           ; 8.009 ;       ;       ; 8.009 ;
; M          ; f           ;       ; 5.763 ; 5.763 ;       ;
; M          ; g           ; 7.025 ; 7.025 ; 7.025 ; 7.025 ;
; M0         ; a           ; 6.228 ; 6.228 ; 6.228 ; 6.228 ;
; M0         ; b           ; 7.472 ; 7.472 ; 7.472 ; 7.472 ;
; M0         ; c           ;       ; 5.951 ; 5.951 ;       ;
; M0         ; d           ; 6.137 ; 6.137 ; 6.137 ; 6.137 ;
; M0         ; e           ; 8.486 ;       ;       ; 8.486 ;
; M0         ; f           ; 6.139 ;       ;       ; 6.139 ;
; M0         ; g           ; 7.396 ;       ;       ; 7.396 ;
; M1         ; a           ;       ; 5.836 ; 5.836 ;       ;
; M1         ; b           ; 7.089 ; 7.089 ; 7.089 ; 7.089 ;
; M1         ; c           ; 5.563 ;       ;       ; 5.563 ;
; M1         ; d           ; 5.584 ; 5.584 ; 5.584 ; 5.584 ;
; M1         ; e           ;       ; 8.103 ; 8.103 ;       ;
; M1         ; f           ; 5.582 ;       ;       ; 5.582 ;
; M1         ; g           ; 6.844 ; 6.844 ; 6.844 ; 6.844 ;
; M3         ; a           ;       ; 6.133 ; 6.133 ;       ;
; M3         ; d           ;       ; 6.035 ; 6.035 ;       ;
; M3         ; f           ;       ; 6.110 ; 6.110 ;       ;
; M3         ; g           ;       ; 7.372 ; 7.372 ;       ;
; S0         ; a           ; 6.143 ; 6.143 ; 6.143 ; 6.143 ;
; S0         ; b           ; 7.387 ; 7.387 ; 7.387 ; 7.387 ;
; S0         ; c           ;       ; 5.866 ; 5.866 ;       ;
; S0         ; d           ; 6.052 ; 6.052 ; 6.052 ; 6.052 ;
; S0         ; e           ; 8.401 ;       ;       ; 8.401 ;
; S0         ; f           ; 6.054 ;       ;       ; 6.054 ;
; S0         ; g           ; 7.311 ;       ;       ; 7.311 ;
; S1         ; a           ;       ; 5.887 ; 5.887 ;       ;
; S1         ; b           ; 7.140 ; 7.140 ; 7.140 ; 7.140 ;
; S1         ; c           ; 5.614 ;       ;       ; 5.614 ;
; S1         ; d           ; 5.635 ; 5.635 ; 5.635 ; 5.635 ;
; S1         ; e           ;       ; 8.154 ; 8.154 ;       ;
; S1         ; f           ; 5.633 ;       ;       ; 5.633 ;
; S1         ; g           ; 6.895 ; 6.895 ; 6.895 ; 6.895 ;
; S3         ; a           ;       ; 5.251 ; 5.251 ;       ;
; S3         ; d           ;       ; 5.153 ; 5.153 ;       ;
; S3         ; f           ;       ; 5.228 ; 5.228 ;       ;
; S3         ; g           ;       ; 6.490 ; 6.490 ;       ;
; SEC2       ; a           ; 5.430 ; 5.430 ; 5.430 ; 5.430 ;
; SEC2       ; b           ; 6.573 ;       ;       ; 6.573 ;
; SEC2       ; c           ;       ; 5.059 ; 5.059 ;       ;
; SEC2       ; d           ; 5.342 ; 5.342 ; 5.342 ; 5.342 ;
; SEC2       ; e           ; 7.586 ;       ;       ; 7.586 ;
; SEC2       ; f           ;       ; 5.340 ; 5.340 ;       ;
; SEC2       ; g           ; 6.602 ; 6.602 ; 6.602 ; 6.602 ;
; ZM         ; a           ; 5.993 ; 5.993 ; 5.993 ; 5.993 ;
; ZM         ; b           ; 7.136 ;       ;       ; 7.136 ;
; ZM         ; c           ;       ; 5.622 ; 5.622 ;       ;
; ZM         ; d           ; 5.905 ; 5.905 ; 5.905 ; 5.905 ;
; ZM         ; e           ; 8.149 ;       ;       ; 8.149 ;
; ZM         ; f           ;       ; 5.903 ; 5.903 ;       ;
; ZM         ; g           ; 7.165 ; 7.165 ; 7.165 ; 7.165 ;
; ZM0        ; a           ; 6.287 ; 6.287 ; 6.287 ; 6.287 ;
; ZM0        ; b           ; 7.531 ; 7.531 ; 7.531 ; 7.531 ;
; ZM0        ; c           ;       ; 6.010 ; 6.010 ;       ;
; ZM0        ; d           ; 6.196 ; 6.196 ; 6.196 ; 6.196 ;
; ZM0        ; e           ; 8.545 ;       ;       ; 8.545 ;
; ZM0        ; f           ; 6.198 ;       ;       ; 6.198 ;
; ZM0        ; g           ; 7.455 ;       ;       ; 7.455 ;
; ZM1        ; a           ;       ; 5.801 ; 5.801 ;       ;
; ZM1        ; b           ; 7.054 ; 7.054 ; 7.054 ; 7.054 ;
; ZM1        ; c           ; 5.528 ;       ;       ; 5.528 ;
; ZM1        ; d           ; 5.549 ; 5.549 ; 5.549 ; 5.549 ;
; ZM1        ; e           ;       ; 8.068 ; 8.068 ;       ;
; ZM1        ; f           ; 5.547 ;       ;       ; 5.547 ;
; ZM1        ; g           ; 6.809 ; 6.809 ; 6.809 ; 6.809 ;
; ZM3        ; a           ;       ; 5.812 ; 5.812 ;       ;
; ZM3        ; d           ;       ; 5.714 ; 5.714 ;       ;
; ZM3        ; f           ;       ; 5.789 ; 5.789 ;       ;
; ZM3        ; g           ;       ; 7.051 ; 7.051 ;       ;
; ZS0        ; a           ; 6.186 ; 6.186 ; 6.186 ; 6.186 ;
; ZS0        ; b           ; 7.236 ; 7.236 ; 7.236 ; 7.236 ;
; ZS0        ; c           ;       ; 5.705 ; 5.705 ;       ;
; ZS0        ; d           ; 6.095 ; 6.095 ; 6.095 ; 6.095 ;
; ZS0        ; e           ; 8.242 ;       ;       ; 8.242 ;
; ZS0        ; f           ; 6.097 ;       ;       ; 6.097 ;
; ZS0        ; g           ; 7.354 ;       ;       ; 7.354 ;
; ZS1        ; a           ;       ; 5.960 ; 5.960 ;       ;
; ZS1        ; b           ; 7.165 ; 7.165 ; 7.165 ; 7.165 ;
; ZS1        ; c           ; 5.645 ;       ;       ; 5.645 ;
; ZS1        ; d           ; 5.708 ; 5.708 ; 5.708 ; 5.708 ;
; ZS1        ; e           ;       ; 8.179 ; 8.179 ;       ;
; ZS1        ; f           ; 5.706 ;       ;       ; 5.706 ;
; ZS1        ; g           ; 6.968 ; 6.968 ; 6.968 ; 6.968 ;
; ZS3        ; a           ;       ; 6.027 ; 6.027 ;       ;
; ZS3        ; d           ;       ; 5.929 ; 5.929 ;       ;
; ZS3        ; f           ;       ; 6.004 ; 6.004 ;       ;
; ZS3        ; g           ;       ; 7.266 ; 7.266 ;       ;
; ZSEC2      ; a           ; 5.945 ; 5.945 ; 5.945 ; 5.945 ;
; ZSEC2      ; b           ; 7.063 ;       ;       ; 7.063 ;
; ZSEC2      ; c           ;       ; 5.542 ; 5.542 ;       ;
; ZSEC2      ; d           ; 5.857 ; 5.857 ; 5.857 ; 5.857 ;
; ZSEC2      ; e           ; 8.077 ;       ;       ; 8.077 ;
; ZSEC2      ; f           ;       ; 5.855 ; 5.855 ;       ;
; ZSEC2      ; g           ; 7.117 ; 7.117 ; 7.117 ; 7.117 ;
+------------+-------------+-------+-------+-------+-------+


+------------------------------------------------------------------------------+
; Multicorner Timing Analysis Summary                                          ;
+------------------+--------+-------+----------+---------+---------------------+
; Clock            ; Setup  ; Hold  ; Recovery ; Removal ; Minimum Pulse Width ;
+------------------+--------+-------+----------+---------+---------------------+
; Worst-case Slack ; -0.840 ; 0.264 ; N/A      ; N/A     ; -1.675              ;
;  Input           ; -0.840 ; 0.264 ; N/A      ; N/A     ; -1.675              ;
; Design-wide TNS  ; -1.65  ; 0.0   ; 0.0      ; 0.0     ; -3.937              ;
;  Input           ; -1.650 ; 0.000 ; N/A      ; N/A     ; -3.937              ;
+------------------+--------+-------+----------+---------+---------------------+


+-------------------------------------------------------------------------+
; Clock to Output Times                                                   ;
+-----------+------------+--------+--------+------------+-----------------+
; Data Port ; Clock Port ; Rise   ; Fall   ; Clock Edge ; Clock Reference ;
+-----------+------------+--------+--------+------------+-----------------+
; a         ; Input      ; 11.498 ; 11.498 ; Rise       ; Input           ;
; b         ; Input      ; 13.443 ; 13.443 ; Rise       ; Input           ;
; c         ; Input      ; 10.418 ; 10.418 ; Rise       ; Input           ;
; d         ; Input      ; 11.238 ; 11.238 ; Rise       ; Input           ;
; e         ; Input      ; 17.514 ; 17.514 ; Rise       ; Input           ;
; f         ; Input      ; 11.235 ; 11.235 ; Rise       ; Input           ;
; g         ; Input      ; 14.816 ; 14.816 ; Rise       ; Input           ;
; i0        ; Input      ; 8.456  ; 8.456  ; Rise       ; Input           ;
; i1        ; Input      ; 8.637  ; 8.637  ; Rise       ; Input           ;
; i2        ; Input      ; 8.438  ; 8.438  ; Rise       ; Input           ;
; i3        ; Input      ; 8.213  ; 8.213  ; Rise       ; Input           ;
; i4        ; Input      ; 11.497 ; 11.497 ; Rise       ; Input           ;
; i5        ; Input      ; 11.300 ; 11.300 ; Rise       ; Input           ;
+-----------+------------+--------+--------+------------+-----------------+


+-----------------------------------------------------------------------+
; Minimum Clock to Output Times                                         ;
+-----------+------------+-------+-------+------------+-----------------+
; Data Port ; Clock Port ; Rise  ; Fall  ; Clock Edge ; Clock Reference ;
+-----------+------------+-------+-------+------------+-----------------+
; a         ; Input      ; 4.235 ; 4.235 ; Rise       ; Input           ;
; b         ; Input      ; 5.380 ; 5.380 ; Rise       ; Input           ;
; c         ; Input      ; 3.859 ; 3.859 ; Rise       ; Input           ;
; d         ; Input      ; 4.061 ; 4.061 ; Rise       ; Input           ;
; e         ; Input      ; 6.394 ; 6.394 ; Rise       ; Input           ;
; f         ; Input      ; 4.059 ; 4.059 ; Rise       ; Input           ;
; g         ; Input      ; 5.321 ; 5.321 ; Rise       ; Input           ;
; i0        ; Input      ; 3.564 ; 3.564 ; Rise       ; Input           ;
; i1        ; Input      ; 3.444 ; 3.444 ; Rise       ; Input           ;
; i2        ; Input      ; 3.431 ; 3.431 ; Rise       ; Input           ;
; i3        ; Input      ; 3.365 ; 3.365 ; Rise       ; Input           ;
; i4        ; Input      ; 4.645 ; 4.645 ; Rise       ; Input           ;
; i5        ; Input      ; 4.478 ; 4.478 ; Rise       ; Input           ;
+-----------+------------+-------+-------+------------+-----------------+


+--------------------------------------------------------------+
; Progagation Delay                                            ;
+------------+-------------+--------+--------+--------+--------+
; Input Port ; Output Port ; RR     ; RF     ; FR     ; FF     ;
+------------+-------------+--------+--------+--------+--------+
; DS0        ; a           ; 14.775 ; 14.775 ; 14.775 ; 14.775 ;
; DS0        ; b           ; 16.402 ; 16.402 ; 16.402 ; 16.402 ;
; DS0        ; c           ;        ; 13.362 ; 13.362 ;        ;
; DS0        ; d           ; 14.470 ; 14.470 ; 14.470 ; 14.470 ;
; DS0        ; e           ; 20.463 ;        ;        ; 20.463 ;
; DS0        ; f           ; 14.514 ;        ;        ; 14.514 ;
; DS0        ; g           ; 18.046 ;        ;        ; 18.046 ;
; DS1        ; a           ;        ; 14.183 ; 14.183 ;        ;
; DS1        ; b           ; 16.299 ; 16.299 ; 16.299 ; 16.299 ;
; DS1        ; c           ; 13.274 ;        ;        ; 13.274 ;
; DS1        ; d           ; 13.436 ; 13.436 ; 13.436 ; 13.436 ;
; DS1        ; e           ;        ; 20.371 ; 20.371 ;        ;
; DS1        ; f           ; 13.435 ;        ;        ; 13.435 ;
; DS1        ; g           ; 17.015 ; 17.015 ; 17.015 ; 17.015 ;
; DS2        ; a           ; 13.188 ; 13.188 ; 13.188 ; 13.188 ;
; DS2        ; b           ; 15.031 ;        ;        ; 15.031 ;
; DS2        ; c           ;        ; 12.003 ; 12.003 ;        ;
; DS2        ; d           ; 12.928 ; 12.928 ; 12.928 ; 12.928 ;
; DS2        ; e           ; 19.102 ;        ;        ; 19.102 ;
; DS2        ; f           ;        ; 12.925 ; 12.925 ;        ;
; DS2        ; g           ; 16.506 ; 16.506 ; 16.506 ; 16.506 ;
; DS3        ; a           ;        ; 14.510 ; 14.510 ;        ;
; DS3        ; d           ;        ; 14.277 ; 14.277 ;        ;
; DS3        ; f           ;        ; 14.477 ; 14.477 ;        ;
; DS3        ; g           ;        ; 18.058 ; 18.058 ;        ;
; M          ; a           ; 13.920 ; 13.920 ; 13.920 ; 13.920 ;
; M          ; b           ; 15.865 ;        ;        ; 15.865 ;
; M          ; c           ;        ; 12.840 ; 12.840 ;        ;
; M          ; d           ; 13.660 ; 13.660 ; 13.660 ; 13.660 ;
; M          ; e           ; 19.936 ;        ;        ; 19.936 ;
; M          ; f           ;        ; 13.657 ; 13.657 ;        ;
; M          ; g           ; 17.238 ; 17.238 ; 17.238 ; 17.238 ;
; M0         ; a           ; 14.926 ; 14.926 ; 14.926 ; 14.926 ;
; M0         ; b           ; 17.183 ; 17.183 ; 17.183 ; 17.183 ;
; M0         ; c           ;        ; 14.157 ; 14.157 ;        ;
; M0         ; d           ; 14.621 ; 14.621 ; 14.621 ; 14.621 ;
; M0         ; e           ; 21.255 ;        ;        ; 21.255 ;
; M0         ; f           ; 14.665 ;        ;        ; 14.665 ;
; M0         ; g           ; 18.197 ;        ;        ; 18.197 ;
; M1         ; a           ;        ; 14.060 ; 14.060 ;        ;
; M1         ; b           ; 16.294 ; 16.294 ; 16.294 ; 16.294 ;
; M1         ; c           ; 13.269 ;        ;        ; 13.269 ;
; M1         ; d           ; 13.313 ; 13.313 ; 13.313 ; 13.313 ;
; M1         ; e           ;        ; 20.366 ; 20.366 ;        ;
; M1         ; f           ; 13.312 ;        ;        ; 13.312 ;
; M1         ; g           ; 16.892 ; 16.892 ; 16.892 ; 16.892 ;
; M3         ; a           ;        ; 14.881 ; 14.881 ;        ;
; M3         ; d           ;        ; 14.648 ; 14.648 ;        ;
; M3         ; f           ;        ; 14.848 ; 14.848 ;        ;
; M3         ; g           ;        ; 18.429 ; 18.429 ;        ;
; S0         ; a           ; 14.892 ; 14.892 ; 14.892 ; 14.892 ;
; S0         ; b           ; 17.149 ; 17.149 ; 17.149 ; 17.149 ;
; S0         ; c           ;        ; 14.123 ; 14.123 ;        ;
; S0         ; d           ; 14.587 ; 14.587 ; 14.587 ; 14.587 ;
; S0         ; e           ; 21.221 ;        ;        ; 21.221 ;
; S0         ; f           ; 14.631 ;        ;        ; 14.631 ;
; S0         ; g           ; 18.163 ;        ;        ; 18.163 ;
; S1         ; a           ;        ; 14.193 ; 14.193 ;        ;
; S1         ; b           ; 16.427 ; 16.427 ; 16.427 ; 16.427 ;
; S1         ; c           ; 13.402 ;        ;        ; 13.402 ;
; S1         ; d           ; 13.446 ; 13.446 ; 13.446 ; 13.446 ;
; S1         ; e           ;        ; 20.499 ; 20.499 ;        ;
; S1         ; f           ; 13.445 ;        ;        ; 13.445 ;
; S1         ; g           ; 17.025 ; 17.025 ; 17.025 ; 17.025 ;
; S3         ; a           ;        ; 12.322 ; 12.322 ;        ;
; S3         ; d           ;        ; 12.089 ; 12.089 ;        ;
; S3         ; f           ;        ; 12.289 ; 12.289 ;        ;
; S3         ; g           ;        ; 15.870 ; 15.870 ;        ;
; SEC2       ; a           ; 13.337 ; 13.337 ; 13.337 ; 13.337 ;
; SEC2       ; b           ; 15.282 ;        ;        ; 15.282 ;
; SEC2       ; c           ;        ; 12.257 ; 12.257 ;        ;
; SEC2       ; d           ; 13.077 ; 13.077 ; 13.077 ; 13.077 ;
; SEC2       ; e           ; 19.353 ;        ;        ; 19.353 ;
; SEC2       ; f           ;        ; 13.074 ; 13.074 ;        ;
; SEC2       ; g           ; 16.655 ; 16.655 ; 16.655 ; 16.655 ;
; ZM         ; a           ; 14.321 ; 14.321 ; 14.321 ; 14.321 ;
; ZM         ; b           ; 16.266 ;        ;        ; 16.266 ;
; ZM         ; c           ;        ; 13.241 ; 13.241 ;        ;
; ZM         ; d           ; 14.061 ; 14.061 ; 14.061 ; 14.061 ;
; ZM         ; e           ; 20.337 ;        ;        ; 20.337 ;
; ZM         ; f           ;        ; 14.058 ; 14.058 ;        ;
; ZM         ; g           ; 17.639 ; 17.639 ; 17.639 ; 17.639 ;
; ZM0        ; a           ; 14.856 ; 14.856 ; 14.856 ; 14.856 ;
; ZM0        ; b           ; 17.113 ; 17.113 ; 17.113 ; 17.113 ;
; ZM0        ; c           ;        ; 14.087 ; 14.087 ;        ;
; ZM0        ; d           ; 14.551 ; 14.551 ; 14.551 ; 14.551 ;
; ZM0        ; e           ; 21.185 ;        ;        ; 21.185 ;
; ZM0        ; f           ; 14.595 ;        ;        ; 14.595 ;
; ZM0        ; g           ; 18.127 ;        ;        ; 18.127 ;
; ZM1        ; a           ;        ; 14.034 ; 14.034 ;        ;
; ZM1        ; b           ; 16.268 ; 16.268 ; 16.268 ; 16.268 ;
; ZM1        ; c           ; 13.243 ;        ;        ; 13.243 ;
; ZM1        ; d           ; 13.287 ; 13.287 ; 13.287 ; 13.287 ;
; ZM1        ; e           ;        ; 20.340 ; 20.340 ;        ;
; ZM1        ; f           ; 13.286 ;        ;        ; 13.286 ;
; ZM1        ; g           ; 16.866 ; 16.866 ; 16.866 ; 16.866 ;
; ZM3        ; a           ;        ; 13.947 ; 13.947 ;        ;
; ZM3        ; d           ;        ; 13.714 ; 13.714 ;        ;
; ZM3        ; f           ;        ; 13.914 ; 13.914 ;        ;
; ZM3        ; g           ;        ; 17.495 ; 17.495 ;        ;
; ZS0        ; a           ; 14.880 ; 14.880 ; 14.880 ; 14.880 ;
; ZS0        ; b           ; 16.507 ; 16.507 ; 16.507 ; 16.507 ;
; ZS0        ; c           ;        ; 13.467 ; 13.467 ;        ;
; ZS0        ; d           ; 14.575 ; 14.575 ; 14.575 ; 14.575 ;
; ZS0        ; e           ; 20.568 ;        ;        ; 20.568 ;
; ZS0        ; f           ; 14.619 ;        ;        ; 14.619 ;
; ZS0        ; g           ; 18.151 ;        ;        ; 18.151 ;
; ZS1        ; a           ;        ; 14.431 ; 14.431 ;        ;
; ZS1        ; b           ; 16.547 ; 16.547 ; 16.547 ; 16.547 ;
; ZS1        ; c           ; 13.522 ;        ;        ; 13.522 ;
; ZS1        ; d           ; 13.684 ; 13.684 ; 13.684 ; 13.684 ;
; ZS1        ; e           ;        ; 20.619 ; 20.619 ;        ;
; ZS1        ; f           ; 13.683 ;        ;        ; 13.683 ;
; ZS1        ; g           ; 17.263 ; 17.263 ; 17.263 ; 17.263 ;
; ZS3        ; a           ;        ; 14.567 ; 14.567 ;        ;
; ZS3        ; d           ;        ; 14.334 ; 14.334 ;        ;
; ZS3        ; f           ;        ; 14.534 ; 14.534 ;        ;
; ZS3        ; g           ;        ; 18.115 ; 18.115 ;        ;
; ZSEC2      ; a           ; 14.427 ; 14.427 ; 14.427 ; 14.427 ;
; ZSEC2      ; b           ; 16.270 ;        ;        ; 16.270 ;
; ZSEC2      ; c           ;        ; 13.242 ; 13.242 ;        ;
; ZSEC2      ; d           ; 14.167 ; 14.167 ; 14.167 ; 14.167 ;
; ZSEC2      ; e           ; 20.341 ;        ;        ; 20.341 ;
; ZSEC2      ; f           ;        ; 14.164 ; 14.164 ;        ;
; ZSEC2      ; g           ; 17.745 ; 17.745 ; 17.745 ; 17.745 ;
+------------+-------------+--------+--------+--------+--------+


+----------------------------------------------------------+
; Minimum Progagation Delay                                ;
+------------+-------------+-------+-------+-------+-------+
; Input Port ; Output Port ; RR    ; RF    ; FR    ; FF    ;
+------------+-------------+-------+-------+-------+-------+
; DS0        ; a           ; 6.088 ; 6.088 ; 6.088 ; 6.088 ;
; DS0        ; b           ; 7.138 ; 7.138 ; 7.138 ; 7.138 ;
; DS0        ; c           ;       ; 5.607 ; 5.607 ;       ;
; DS0        ; d           ; 5.997 ; 5.997 ; 5.997 ; 5.997 ;
; DS0        ; e           ; 8.144 ;       ;       ; 8.144 ;
; DS0        ; f           ; 5.999 ;       ;       ; 5.999 ;
; DS0        ; g           ; 7.256 ;       ;       ; 7.256 ;
; DS1        ; a           ;       ; 5.926 ; 5.926 ;       ;
; DS1        ; b           ; 7.131 ; 7.131 ; 7.131 ; 7.131 ;
; DS1        ; c           ; 5.611 ;       ;       ; 5.611 ;
; DS1        ; d           ; 5.674 ; 5.674 ; 5.674 ; 5.674 ;
; DS1        ; e           ;       ; 8.145 ; 8.145 ;       ;
; DS1        ; f           ; 5.672 ;       ;       ; 5.672 ;
; DS1        ; g           ; 6.934 ; 6.934 ; 6.934 ; 6.934 ;
; DS2        ; a           ; 5.383 ; 5.383 ; 5.383 ; 5.383 ;
; DS2        ; b           ; 6.501 ;       ;       ; 6.501 ;
; DS2        ; c           ;       ; 4.980 ; 4.980 ;       ;
; DS2        ; d           ; 5.295 ; 5.295 ; 5.295 ; 5.295 ;
; DS2        ; e           ; 7.515 ;       ;       ; 7.515 ;
; DS2        ; f           ;       ; 5.293 ; 5.293 ;       ;
; DS2        ; g           ; 6.555 ; 6.555 ; 6.555 ; 6.555 ;
; DS3        ; a           ;       ; 6.001 ; 6.001 ;       ;
; DS3        ; d           ;       ; 5.903 ; 5.903 ;       ;
; DS3        ; f           ;       ; 5.978 ; 5.978 ;       ;
; DS3        ; g           ;       ; 7.240 ; 7.240 ;       ;
; M          ; a           ; 5.853 ; 5.853 ; 5.853 ; 5.853 ;
; M          ; b           ; 6.996 ;       ;       ; 6.996 ;
; M          ; c           ;       ; 5.482 ; 5.482 ;       ;
; M          ; d           ; 5.765 ; 5.765 ; 5.765 ; 5.765 ;
; M          ; e           ; 8.009 ;       ;       ; 8.009 ;
; M          ; f           ;       ; 5.763 ; 5.763 ;       ;
; M          ; g           ; 7.025 ; 7.025 ; 7.025 ; 7.025 ;
; M0         ; a           ; 6.228 ; 6.228 ; 6.228 ; 6.228 ;
; M0         ; b           ; 7.472 ; 7.472 ; 7.472 ; 7.472 ;
; M0         ; c           ;       ; 5.951 ; 5.951 ;       ;
; M0         ; d           ; 6.137 ; 6.137 ; 6.137 ; 6.137 ;
; M0         ; e           ; 8.486 ;       ;       ; 8.486 ;
; M0         ; f           ; 6.139 ;       ;       ; 6.139 ;
; M0         ; g           ; 7.396 ;       ;       ; 7.396 ;
; M1         ; a           ;       ; 5.836 ; 5.836 ;       ;
; M1         ; b           ; 7.089 ; 7.089 ; 7.089 ; 7.089 ;
; M1         ; c           ; 5.563 ;       ;       ; 5.563 ;
; M1         ; d           ; 5.584 ; 5.584 ; 5.584 ; 5.584 ;
; M1         ; e           ;       ; 8.103 ; 8.103 ;       ;
; M1         ; f           ; 5.582 ;       ;       ; 5.582 ;
; M1         ; g           ; 6.844 ; 6.844 ; 6.844 ; 6.844 ;
; M3         ; a           ;       ; 6.133 ; 6.133 ;       ;
; M3         ; d           ;       ; 6.035 ; 6.035 ;       ;
; M3         ; f           ;       ; 6.110 ; 6.110 ;       ;
; M3         ; g           ;       ; 7.372 ; 7.372 ;       ;
; S0         ; a           ; 6.143 ; 6.143 ; 6.143 ; 6.143 ;
; S0         ; b           ; 7.387 ; 7.387 ; 7.387 ; 7.387 ;
; S0         ; c           ;       ; 5.866 ; 5.866 ;       ;
; S0         ; d           ; 6.052 ; 6.052 ; 6.052 ; 6.052 ;
; S0         ; e           ; 8.401 ;       ;       ; 8.401 ;
; S0         ; f           ; 6.054 ;       ;       ; 6.054 ;
; S0         ; g           ; 7.311 ;       ;       ; 7.311 ;
; S1         ; a           ;       ; 5.887 ; 5.887 ;       ;
; S1         ; b           ; 7.140 ; 7.140 ; 7.140 ; 7.140 ;
; S1         ; c           ; 5.614 ;       ;       ; 5.614 ;
; S1         ; d           ; 5.635 ; 5.635 ; 5.635 ; 5.635 ;
; S1         ; e           ;       ; 8.154 ; 8.154 ;       ;
; S1         ; f           ; 5.633 ;       ;       ; 5.633 ;
; S1         ; g           ; 6.895 ; 6.895 ; 6.895 ; 6.895 ;
; S3         ; a           ;       ; 5.251 ; 5.251 ;       ;
; S3         ; d           ;       ; 5.153 ; 5.153 ;       ;
; S3         ; f           ;       ; 5.228 ; 5.228 ;       ;
; S3         ; g           ;       ; 6.490 ; 6.490 ;       ;
; SEC2       ; a           ; 5.430 ; 5.430 ; 5.430 ; 5.430 ;
; SEC2       ; b           ; 6.573 ;       ;       ; 6.573 ;
; SEC2       ; c           ;       ; 5.059 ; 5.059 ;       ;
; SEC2       ; d           ; 5.342 ; 5.342 ; 5.342 ; 5.342 ;
; SEC2       ; e           ; 7.586 ;       ;       ; 7.586 ;
; SEC2       ; f           ;       ; 5.340 ; 5.340 ;       ;
; SEC2       ; g           ; 6.602 ; 6.602 ; 6.602 ; 6.602 ;
; ZM         ; a           ; 5.993 ; 5.993 ; 5.993 ; 5.993 ;
; ZM         ; b           ; 7.136 ;       ;       ; 7.136 ;
; ZM         ; c           ;       ; 5.622 ; 5.622 ;       ;
; ZM         ; d           ; 5.905 ; 5.905 ; 5.905 ; 5.905 ;
; ZM         ; e           ; 8.149 ;       ;       ; 8.149 ;
; ZM         ; f           ;       ; 5.903 ; 5.903 ;       ;
; ZM         ; g           ; 7.165 ; 7.165 ; 7.165 ; 7.165 ;
; ZM0        ; a           ; 6.287 ; 6.287 ; 6.287 ; 6.287 ;
; ZM0        ; b           ; 7.531 ; 7.531 ; 7.531 ; 7.531 ;
; ZM0        ; c           ;       ; 6.010 ; 6.010 ;       ;
; ZM0        ; d           ; 6.196 ; 6.196 ; 6.196 ; 6.196 ;
; ZM0        ; e           ; 8.545 ;       ;       ; 8.545 ;
; ZM0        ; f           ; 6.198 ;       ;       ; 6.198 ;
; ZM0        ; g           ; 7.455 ;       ;       ; 7.455 ;
; ZM1        ; a           ;       ; 5.801 ; 5.801 ;       ;
; ZM1        ; b           ; 7.054 ; 7.054 ; 7.054 ; 7.054 ;
; ZM1        ; c           ; 5.528 ;       ;       ; 5.528 ;
; ZM1        ; d           ; 5.549 ; 5.549 ; 5.549 ; 5.549 ;
; ZM1        ; e           ;       ; 8.068 ; 8.068 ;       ;
; ZM1        ; f           ; 5.547 ;       ;       ; 5.547 ;
; ZM1        ; g           ; 6.809 ; 6.809 ; 6.809 ; 6.809 ;
; ZM3        ; a           ;       ; 5.812 ; 5.812 ;       ;
; ZM3        ; d           ;       ; 5.714 ; 5.714 ;       ;
; ZM3        ; f           ;       ; 5.789 ; 5.789 ;       ;
; ZM3        ; g           ;       ; 7.051 ; 7.051 ;       ;
; ZS0        ; a           ; 6.186 ; 6.186 ; 6.186 ; 6.186 ;
; ZS0        ; b           ; 7.236 ; 7.236 ; 7.236 ; 7.236 ;
; ZS0        ; c           ;       ; 5.705 ; 5.705 ;       ;
; ZS0        ; d           ; 6.095 ; 6.095 ; 6.095 ; 6.095 ;
; ZS0        ; e           ; 8.242 ;       ;       ; 8.242 ;
; ZS0        ; f           ; 6.097 ;       ;       ; 6.097 ;
; ZS0        ; g           ; 7.354 ;       ;       ; 7.354 ;
; ZS1        ; a           ;       ; 5.960 ; 5.960 ;       ;
; ZS1        ; b           ; 7.165 ; 7.165 ; 7.165 ; 7.165 ;
; ZS1        ; c           ; 5.645 ;       ;       ; 5.645 ;
; ZS1        ; d           ; 5.708 ; 5.708 ; 5.708 ; 5.708 ;
; ZS1        ; e           ;       ; 8.179 ; 8.179 ;       ;
; ZS1        ; f           ; 5.706 ;       ;       ; 5.706 ;
; ZS1        ; g           ; 6.968 ; 6.968 ; 6.968 ; 6.968 ;
; ZS3        ; a           ;       ; 6.027 ; 6.027 ;       ;
; ZS3        ; d           ;       ; 5.929 ; 5.929 ;       ;
; ZS3        ; f           ;       ; 6.004 ; 6.004 ;       ;
; ZS3        ; g           ;       ; 7.266 ; 7.266 ;       ;
; ZSEC2      ; a           ; 5.945 ; 5.945 ; 5.945 ; 5.945 ;
; ZSEC2      ; b           ; 7.063 ;       ;       ; 7.063 ;
; ZSEC2      ; c           ;       ; 5.542 ; 5.542 ;       ;
; ZSEC2      ; d           ; 5.857 ; 5.857 ; 5.857 ; 5.857 ;
; ZSEC2      ; e           ; 8.077 ;       ;       ; 8.077 ;
; ZSEC2      ; f           ;       ; 5.855 ; 5.855 ;       ;
; ZSEC2      ; g           ; 7.117 ; 7.117 ; 7.117 ; 7.117 ;
+------------+-------------+-------+-------+-------+-------+


+-------------------------------------------------------------------+
; Setup Transfers                                                   ;
+------------+----------+----------+----------+----------+----------+
; From Clock ; To Clock ; RR Paths ; FR Paths ; RF Paths ; FF Paths ;
+------------+----------+----------+----------+----------+----------+
; Input      ; Input    ; 7        ; 0        ; 0        ; 0        ;
+------------+----------+----------+----------+----------+----------+
Entries labeled "false path" only account for clock-to-clock false paths and not path-based false paths. As a result, actual path counts may be lower than reported.


+-------------------------------------------------------------------+
; Hold Transfers                                                    ;
+------------+----------+----------+----------+----------+----------+
; From Clock ; To Clock ; RR Paths ; FR Paths ; RF Paths ; FF Paths ;
+------------+----------+----------+----------+----------+----------+
; Input      ; Input    ; 7        ; 0        ; 0        ; 0        ;
+------------+----------+----------+----------+----------+----------+
Entries labeled "false path" only account for clock-to-clock false paths and not path-based false paths. As a result, actual path counts may be lower than reported.


---------------
; Report TCCS ;
---------------
No dedicated SERDES Transmitter circuitry present in device or used in design


---------------
; Report RSKM ;
---------------
No dedicated SERDES Receiver circuitry present in device or used in design


+------------------------------------------------+
; Unconstrained Paths                            ;
+---------------------------------+-------+------+
; Property                        ; Setup ; Hold ;
+---------------------------------+-------+------+
; Illegal Clocks                  ; 0     ; 0    ;
; Unconstrained Clocks            ; 0     ; 0    ;
; Unconstrained Input Ports       ; 21    ; 21   ;
; Unconstrained Input Port Paths  ; 128   ; 128  ;
; Unconstrained Output Ports      ; 13    ; 13   ;
; Unconstrained Output Port Paths ; 164   ; 164  ;
+---------------------------------+-------+------+


+------------------------------------+
; TimeQuest Timing Analyzer Messages ;
+------------------------------------+
Info: *******************************************************************
Info: Running Quartus II TimeQuest Timing Analyzer
    Info: Version 9.1 Build 350 03/24/2010 Service Pack 2 SJ Web Edition
    Info: Processing started: Thu Feb 16 09:07:35 2023
Info: Command: quartus_sta AfisareMux -c AfisareMux
Info: qsta_default_script.tcl version: #1
Critical Warning: Synopsys Design Constraints File file not found: 'AfisareMux.sdc'. A Synopsys Design Constraints File is required by the TimeQuest Timing Analyzer to get proper timing constraints. Without it, the Compiler will not properly optimize the design.
Info: No user constrained base clocks found in the design. Calling "derive_clocks -period 1.0"
Info: Deriving Clocks
    Info: create_clock -period 1.000 -name Input Input
Info: Analyzing Slow Model
Critical Warning: Timing requirements not met
Info: Worst-case setup slack is -0.840
    Info:     Slack End Point TNS Clock 
    Info: ========= ============= =====================
    Info:    -0.840        -1.650 Input 
Info: Worst-case hold slack is 0.622
    Info:     Slack End Point TNS Clock 
    Info: ========= ============= =====================
    Info:     0.622         0.000 Input 
Info: No Recovery paths to report
Info: No Removal paths to report
Info: Worst-case minimum pulse width slack is -1.675
    Info:     Slack End Point TNS Clock 
    Info: ========= ============= =====================
    Info:    -1.675        -3.937 Input 
Info: The selected device family is not supported by the report_metastability command.
Info: Analyzing Fast Model
Info: Started post-fitting delay annotation
Warning: Found 13 output pins without output pin load capacitance assignment
    Info: Pin "a" has no specified output pin load capacitance -- assuming default load capacitance of 0 pF for timing analysis
    Info: Pin "b" has no specified output pin load capacitance -- assuming default load capacitance of 0 pF for timing analysis
    Info: Pin "c" has no specified output pin load capacitance -- assuming default load capacitance of 0 pF for timing analysis
    Info: Pin "d" has no specified output pin load capacitance -- assuming default load capacitance of 0 pF for timing analysis
    Info: Pin "e" has no specified output pin load capacitance -- assuming default load capacitance of 0 pF for timing analysis
    Info: Pin "f" has no specified output pin load capacitance -- assuming default load capacitance of 0 pF for timing analysis
    Info: Pin "g" has no specified output pin load capacitance -- assuming default load capacitance of 0 pF for timing analysis
    Info: Pin "i0" has no specified output pin load capacitance -- assuming default load capacitance of 0 pF for timing analysis
    Info: Pin "i1" has no specified output pin load capacitance -- assuming default load capacitance of 0 pF for timing analysis
    Info: Pin "i2" has no specified output pin load capacitance -- assuming default load capacitance of 0 pF for timing analysis
    Info: Pin "i3" has no specified output pin load capacitance -- assuming default load capacitance of 0 pF for timing analysis
    Info: Pin "i4" has no specified output pin load capacitance -- assuming default load capacitance of 0 pF for timing analysis
    Info: Pin "i5" has no specified output pin load capacitance -- assuming default load capacitance of 0 pF for timing analysis
Info: Delay annotation completed successfully
Info: Worst-case setup slack is 0.291
    Info:     Slack End Point TNS Clock 
    Info: ========= ============= =====================
    Info:     0.291         0.000 Input 
Info: Worst-case hold slack is 0.264
    Info:     Slack End Point TNS Clock 
    Info: ========= ============= =====================
    Info:     0.264         0.000 Input 
Info: No Recovery paths to report
Info: No Removal paths to report
Critical Warning: Timing requirements not met
Info: Worst-case minimum pulse width slack is -1.000
    Info:     Slack End Point TNS Clock 
    Info: ========= ============= =====================
    Info:    -1.000        -1.780 Input 
Info: The selected device family is not supported by the report_metastability command.
Info: Design is not fully constrained for setup requirements
Info: Design is not fully constrained for hold requirements
Info: Quartus II TimeQuest Timing Analyzer was successful. 0 errors, 4 warnings
    Info: Peak virtual memory: 242 megabytes
    Info: Processing ended: Thu Feb 16 09:07:35 2023
    Info: Elapsed time: 00:00:00
    Info: Total CPU time (on all processors): 00:00:00


