------------------------------------------------------------
TimeQuest Timing Analyzer Summary
------------------------------------------------------------

Type  : Slow Model Setup 'numinvers10:inst|inst'
Slack : -0.444
TNS   : -1.000

Type  : Slow Model Setup 'clk'
Slack : -0.340
TNS   : -0.768

Type  : Slow Model Setup 'IncrementareSecunde'
Slack : -0.252
TNS   : -0.496

Type  : Slow Model Hold 'clk'
Slack : -0.015
TNS   : -0.040

Type  : Slow Model Hold 'IncrementareSecunde'
Slack : 0.490
TNS   : 0.000

Type  : Slow Model Hold 'numinvers10:inst|inst'
Slack : 0.490
TNS   : 0.000

Type  : Slow Model Minimum Pulse Width 'clk'
Slack : -1.675
TNS   : -4.691

Type  : Slow Model Minimum Pulse Width 'IncrementareSecunde'
Slack : -1.675
TNS   : -3.937

Type  : Slow Model Minimum Pulse Width 'numinvers10:inst|inst'
Slack : -0.377
TNS   : -3.016

Type  : Fast Model Setup 'numinvers10:inst|inst'
Slack : 0.471
TNS   : 0.000

Type  : Fast Model Setup 'clk'
Slack : 0.496
TNS   : 0.000

Type  : Fast Model Setup 'IncrementareSecunde'
Slack : 0.527
TNS   : 0.000

Type  : Fast Model Hold 'clk'
Slack : -0.158
TNS   : -0.590

Type  : Fast Model Hold 'IncrementareSecunde'
Slack : 0.224
TNS   : 0.000

Type  : Fast Model Hold 'numinvers10:inst|inst'
Slack : 0.224
TNS   : 0.000

Type  : Fast Model Minimum Pulse Width 'clk'
Slack : -1.000
TNS   : -2.040

Type  : Fast Model Minimum Pulse Width 'IncrementareSecunde'
Slack : -1.000
TNS   : -1.780

Type  : Fast Model Minimum Pulse Width 'numinvers10:inst|inst'
Slack : -0.130
TNS   : -1.040

------------------------------------------------------------
