------------------------------------------------------------
Timing Analyzer Summary
------------------------------------------------------------

Type  : Slow 1200mV 85C Model Setup 'reset'
Slack : -2.770
TNS   : -33.182

Type  : Slow 1200mV 85C Model Setup 'Frecventa'
Slack : -2.461
TNS   : -10.143

Type  : Slow 1200mV 85C Model Hold 'reset'
Slack : -0.019
TNS   : -0.019

Type  : Slow 1200mV 85C Model Hold 'Frecventa'
Slack : 0.314
TNS   : 0.000

Type  : Slow 1200mV 85C Model Recovery 'Frecventa'
Slack : -1.730
TNS   : -6.658

Type  : Slow 1200mV 85C Model Recovery 'reset'
Slack : -1.577
TNS   : -9.819

Type  : Slow 1200mV 85C Model Removal 'reset'
Slack : 0.180
TNS   : 0.000

Type  : Slow 1200mV 85C Model Removal 'Frecventa'
Slack : 1.646
TNS   : 0.000

Type  : Slow 1200mV 85C Model Minimum Pulse Width 'reset'
Slack : -3.000
TNS   : -19.361

Type  : Slow 1200mV 85C Model Minimum Pulse Width 'Frecventa'
Slack : -3.000
TNS   : -10.000

Type  : Slow 1200mV 0C Model Setup 'reset'
Slack : -2.382
TNS   : -28.354

Type  : Slow 1200mV 0C Model Setup 'Frecventa'
Slack : -2.119
TNS   : -8.658

Type  : Slow 1200mV 0C Model Hold 'reset'
Slack : -0.024
TNS   : -0.024

Type  : Slow 1200mV 0C Model Hold 'Frecventa'
Slack : 0.268
TNS   : 0.000

Type  : Slow 1200mV 0C Model Recovery 'reset'
Slack : -1.466
TNS   : -9.353

Type  : Slow 1200mV 0C Model Recovery 'Frecventa'
Slack : -1.449
TNS   : -5.542

Type  : Slow 1200mV 0C Model Removal 'reset'
Slack : 0.174
TNS   : 0.000

Type  : Slow 1200mV 0C Model Removal 'Frecventa'
Slack : 1.504
TNS   : 0.000

Type  : Slow 1200mV 0C Model Minimum Pulse Width 'reset'
Slack : -3.000
TNS   : -19.166

Type  : Slow 1200mV 0C Model Minimum Pulse Width 'Frecventa'
Slack : -3.000
TNS   : -10.000

Type  : Fast 1200mV 0C Model Setup 'reset'
Slack : -1.263
TNS   : -14.180

Type  : Fast 1200mV 0C Model Setup 'Frecventa'
Slack : -1.096
TNS   : -4.367

Type  : Fast 1200mV 0C Model Hold 'reset'
Slack : -0.017
TNS   : -0.017

Type  : Fast 1200mV 0C Model Hold 'Frecventa'
Slack : 0.163
TNS   : 0.000

Type  : Fast 1200mV 0C Model Recovery 'reset'
Slack : -0.933
TNS   : -6.551

Type  : Fast 1200mV 0C Model Recovery 'Frecventa'
Slack : -0.719
TNS   : -2.746

Type  : Fast 1200mV 0C Model Removal 'reset'
Slack : 0.267
TNS   : 0.000

Type  : Fast 1200mV 0C Model Removal 'Frecventa'
Slack : 0.957
TNS   : 0.000

Type  : Fast 1200mV 0C Model Minimum Pulse Width 'reset'
Slack : -3.000
TNS   : -19.916

Type  : Fast 1200mV 0C Model Minimum Pulse Width 'Frecventa'
Slack : -3.000
TNS   : -10.455

------------------------------------------------------------
